108.162.210.156 - - [05/Nov/2020:14:47:00 -0300] "OPTIONS /api/sliders/5?api_token=$2y$10$uHGDguHpeBusa3zVWpO1VO2o/vNzD0c.Fla55f8tTWafGzMU9NEii HTTP/1.1" 204 0 "https://app.cadunesc.com.br/" "Mozilla/5.0 (X11; Linux x86_64) AppleWebKit/537.36 (KHTML, like Gecko) Chrome/88.0.4298.0 Safari/537.36 Edg/88.0.685.3"
108.162.210.156 - - [05/Nov/2020:14:47:01 -0300] "DELETE /api/sliders/5?api_token=$2y$10$uHGDguHpeBusa3zVWpO1VO2o/vNzD0c.Fla55f8tTWafGzMU9NEii HTTP/1.1" 204 0 "https://app.cadunesc.com.br/" "Mozilla/5.0 (X11; Linux x86_64) AppleWebKit/537.36 (KHTML, like Gecko) Chrome/88.0.4298.0 Safari/537.36 Edg/88.0.685.3"
108.162.210.156 - - [05/Nov/2020:14:47:02 -0300] "GET /api/sliders?api_token=$2y$10$uHGDguHpeBusa3zVWpO1VO2o/vNzD0c.Fla55f8tTWafGzMU9NEii HTTP/1.1" 200 12 "https://app.cadunesc.com.br/" "Mozilla/5.0 (X11; Linux x86_64) AppleWebKit/537.36 (KHTML, like Gecko) Chrome/88.0.4298.0 Safari/537.36 Edg/88.0.685.3"
108.162.210.156 - - [05/Nov/2020:14:47:02 -0300] "GET /api/events?limit=1&offset=1&api_token=$2y$10$uHGDguHpeBusa3zVWpO1VO2o/vNzD0c.Fla55f8tTWafGzMU9NEii HTTP/1.1" 200 667 "https://app.cadunesc.com.br/" "Mozilla/5.0 (X11; Linux x86_64) AppleWebKit/537.36 (KHTML, like Gecko) Chrome/88.0.4298.0 Safari/537.36 Edg/88.0.685.3"
108.162.210.156 - - [05/Nov/2020:14:47:09 -0300] "GET /api/documents?api_token=$2y$10$uHGDguHpeBusa3zVWpO1VO2o/vNzD0c.Fla55f8tTWafGzMU9NEii&limit=8&offset=1 HTTP/1.1" 200 663 "https://app.cadunesc.com.br/" "Mozilla/5.0 (X11; Linux x86_64) AppleWebKit/537.36 (KHTML, like Gecko) Chrome/88.0.4298.0 Safari/537.36 Edg/88.0.685.3"
108.162.210.156 - - [05/Nov/2020:14:47:23 -0300] "OPTIONS /api/documents/4?api_token=$2y$10$uHGDguHpeBusa3zVWpO1VO2o/vNzD0c.Fla55f8tTWafGzMU9NEii HTTP/1.1" 204 0 "https://app.cadunesc.com.br/" "Mozilla/5.0 (X11; Linux x86_64) AppleWebKit/537.36 (KHTML, like Gecko) Chrome/88.0.4298.0 Safari/537.36 Edg/88.0.685.3"
108.162.210.156 - - [05/Nov/2020:14:47:23 -0300] "DELETE /api/documents/4?api_token=$2y$10$uHGDguHpeBusa3zVWpO1VO2o/vNzD0c.Fla55f8tTWafGzMU9NEii HTTP/1.1" 204 0 "https://app.cadunesc.com.br/" "Mozilla/5.0 (X11; Linux x86_64) AppleWebKit/537.36 (KHTML, like Gecko) Chrome/88.0.4298.0 Safari/537.36 Edg/88.0.685.3"
108.162.210.156 - - [05/Nov/2020:14:47:23 -0300] "GET /api/documents?offset=1&limit=10&api_token=$2y$10$uHGDguHpeBusa3zVWpO1VO2o/vNzD0c.Fla55f8tTWafGzMU9NEii HTTP/1.1" 200 434 "https://app.cadunesc.com.br/" "Mozilla/5.0 (X11; Linux x86_64) AppleWebKit/537.36 (KHTML, like Gecko) Chrome/88.0.4298.0 Safari/537.36 Edg/88.0.685.3"
108.162.210.156 - - [05/Nov/2020:14:47:25 -0300] "OPTIONS /api/documents/3?api_token=$2y$10$uHGDguHpeBusa3zVWpO1VO2o/vNzD0c.Fla55f8tTWafGzMU9NEii HTTP/1.1" 204 0 "https://app.cadunesc.com.br/" "Mozilla/5.0 (X11; Linux x86_64) AppleWebKit/537.36 (KHTML, like Gecko) Chrome/88.0.4298.0 Safari/537.36 Edg/88.0.685.3"
108.162.210.156 - - [05/Nov/2020:14:47:25 -0300] "DELETE /api/documents/3?api_token=$2y$10$uHGDguHpeBusa3zVWpO1VO2o/vNzD0c.Fla55f8tTWafGzMU9NEii HTTP/1.1" 204 0 "https://app.cadunesc.com.br/" "Mozilla/5.0 (X11; Linux x86_64) AppleWebKit/537.36 (KHTML, like Gecko) Chrome/88.0.4298.0 Safari/537.36 Edg/88.0.685.3"
108.162.210.156 - - [05/Nov/2020:14:47:25 -0300] "GET /api/documents?offset=1&limit=10&api_token=$2y$10$uHGDguHpeBusa3zVWpO1VO2o/vNzD0c.Fla55f8tTWafGzMU9NEii HTTP/1.1" 200 212 "https://app.cadunesc.com.br/" "Mozilla/5.0 (X11; Linux x86_64) AppleWebKit/537.36 (KHTML, like Gecko) Chrome/88.0.4298.0 Safari/537.36 Edg/88.0.685.3"
108.162.210.156 - - [05/Nov/2020:14:47:29 -0300] "GET /api/events?offset=1&limit=8&api_token=$2y$10$uHGDguHpeBusa3zVWpO1VO2o/vNzD0c.Fla55f8tTWafGzMU9NEii HTTP/1.1" 200 1181 "https://app.cadunesc.com.br/" "Mozilla/5.0 (X11; Linux x86_64) AppleWebKit/537.36 (KHTML, like Gecko) Chrome/88.0.4298.0 Safari/537.36 Edg/88.0.685.3"
108.162.210.156 - - [05/Nov/2020:14:47:35 -0300] "OPTIONS /api/events/13?api_token=$2y$10$uHGDguHpeBusa3zVWpO1VO2o/vNzD0c.Fla55f8tTWafGzMU9NEii HTTP/1.1" 204 0 "https://app.cadunesc.com.br/" "Mozilla/5.0 (X11; Linux x86_64) AppleWebKit/537.36 (KHTML, like Gecko) Chrome/88.0.4298.0 Safari/537.36 Edg/88.0.685.3"
108.162.210.156 - - [05/Nov/2020:14:47:35 -0300] "DELETE /api/events/13?api_token=$2y$10$uHGDguHpeBusa3zVWpO1VO2o/vNzD0c.Fla55f8tTWafGzMU9NEii HTTP/1.1" 204 0 "https://app.cadunesc.com.br/" "Mozilla/5.0 (X11; Linux x86_64) AppleWebKit/537.36 (KHTML, like Gecko) Chrome/88.0.4298.0 Safari/537.36 Edg/88.0.685.3"
108.162.210.156 - - [05/Nov/2020:14:47:35 -0300] "GET /api/events?offset=1&limit=8&api_token=$2y$10$uHGDguHpeBusa3zVWpO1VO2o/vNzD0c.Fla55f8tTWafGzMU9NEii HTTP/1.1" 200 660 "https://app.cadunesc.com.br/" "Mozilla/5.0 (X11; Linux x86_64) AppleWebKit/537.36 (KHTML, like Gecko) Chrome/88.0.4298.0 Safari/537.36 Edg/88.0.685.3"
108.162.210.156 - - [05/Nov/2020:14:49:06 -0300] "POST /api/events?api_token=$2y$10$uHGDguHpeBusa3zVWpO1VO2o/vNzD0c.Fla55f8tTWafGzMU9NEii HTTP/1.1" 201 418 "https://app.cadunesc.com.br/" "Mozilla/5.0 (X11; Linux x86_64) AppleWebKit/537.36 (KHTML, like Gecko) Chrome/88.0.4298.0 Safari/537.36 Edg/88.0.685.3"
108.162.210.156 - - [05/Nov/2020:14:49:13 -0300] "GET /api/events?offset=1&limit=8&api_token=$2y$10$uHGDguHpeBusa3zVWpO1VO2o/vNzD0c.Fla55f8tTWafGzMU9NEii HTTP/1.1" 200 1085 "https://app.cadunesc.com.br/" "Mozilla/5.0 (X11; Linux x86_64) AppleWebKit/537.36 (KHTML, like Gecko) Chrome/88.0.4298.0 Safari/537.36 Edg/88.0.685.3"
108.162.210.156 - - [05/Nov/2020:14:49:15 -0300] "GET /api/events/14/?api_token=$2y$10$uHGDguHpeBusa3zVWpO1VO2o/vNzD0c.Fla55f8tTWafGzMU9NEii HTTP/1.1" 200 436 "https://app.cadunesc.com.br/" "Mozilla/5.0 (X11; Linux x86_64) AppleWebKit/537.36 (KHTML, like Gecko) Chrome/88.0.4298.0 Safari/537.36 Edg/88.0.685.3"
108.162.210.156 - - [05/Nov/2020:14:49:21 -0300] "OPTIONS /api/events/14?api_token=$2y$10$uHGDguHpeBusa3zVWpO1VO2o/vNzD0c.Fla55f8tTWafGzMU9NEii HTTP/1.1" 204 0 "https://app.cadunesc.com.br/" "Mozilla/5.0 (X11; Linux x86_64) AppleWebKit/537.36 (KHTML, like Gecko) Chrome/88.0.4298.0 Safari/537.36 Edg/88.0.685.3"
108.162.210.156 - - [05/Nov/2020:14:49:21 -0300] "PUT /api/events/14?api_token=$2y$10$uHGDguHpeBusa3zVWpO1VO2o/vNzD0c.Fla55f8tTWafGzMU9NEii HTTP/1.1" 200 487 "https://app.cadunesc.com.br/" "Mozilla/5.0 (X11; Linux x86_64) AppleWebKit/537.36 (KHTML, like Gecko) Chrome/88.0.4298.0 Safari/537.36 Edg/88.0.685.3"
108.162.210.156 - - [05/Nov/2020:14:49:23 -0300] "GET /api/events?offset=1&limit=8&api_token=$2y$10$uHGDguHpeBusa3zVWpO1VO2o/vNzD0c.Fla55f8tTWafGzMU9NEii HTTP/1.1" 200 1136 "https://app.cadunesc.com.br/" "Mozilla/5.0 (X11; Linux x86_64) AppleWebKit/537.36 (KHTML, like Gecko) Chrome/88.0.4298.0 Safari/537.36 Edg/88.0.685.3"
108.162.210.156 - - [05/Nov/2020:14:49:26 -0300] "GET /api/documents?api_token=$2y$10$uHGDguHpeBusa3zVWpO1VO2o/vNzD0c.Fla55f8tTWafGzMU9NEii&limit=8&offset=1 HTTP/1.1" 200 211 "https://app.cadunesc.com.br/" "Mozilla/5.0 (X11; Linux x86_64) AppleWebKit/537.36 (KHTML, like Gecko) Chrome/88.0.4298.0 Safari/537.36 Edg/88.0.685.3"
108.162.210.156 - - [05/Nov/2020:14:50:12 -0300] "POST /api/documents?api_token=$2y$10$uHGDguHpeBusa3zVWpO1VO2o/vNzD0c.Fla55f8tTWafGzMU9NEii HTTP/1.1" 201 227 "https://app.cadunesc.com.br/" "Mozilla/5.0 (X11; Linux x86_64) AppleWebKit/537.36 (KHTML, like Gecko) Chrome/88.0.4298.0 Safari/537.36 Edg/88.0.685.3"
108.162.210.156 - - [05/Nov/2020:14:50:23 -0300] "GET /api/events?limit=1&offset=1&api_token=$2y$10$uHGDguHpeBusa3zVWpO1VO2o/vNzD0c.Fla55f8tTWafGzMU9NEii HTTP/1.1" 200 667 "https://app.cadunesc.com.br/" "Mozilla/5.0 (X11; Linux x86_64) AppleWebKit/537.36 (KHTML, like Gecko) Chrome/88.0.4298.0 Safari/537.36 Edg/88.0.685.3"
108.162.210.156 - - [05/Nov/2020:14:50:23 -0300] "GET /api/documents?api_token=$2y$10$uHGDguHpeBusa3zVWpO1VO2o/vNzD0c.Fla55f8tTWafGzMU9NEii&limit=8&offset=1 HTTP/1.1" 200 440 "https://app.cadunesc.com.br/" "Mozilla/5.0 (X11; Linux x86_64) AppleWebKit/537.36 (KHTML, like Gecko) Chrome/88.0.4298.0 Safari/537.36 Edg/88.0.685.3"
108.162.212.29 - - [05/Nov/2020:14:54:12 -0300] "GET /painel HTTP/1.1" 200 1158 "-" "Mozilla/5.0 (X11; Linux x86_64) AppleWebKit/537.36 (KHTML, like Gecko) Chrome/88.0.4298.0 Safari/537.36 Edg/88.0.685.3"
108.162.212.29 - - [05/Nov/2020:14:54:12 -0300] "GET /static/css/2.ade48900.chunk.css HTTP/1.1" 404 209 "https://cadunesc.com.br/painel" "Mozilla/5.0 (X11; Linux x86_64) AppleWebKit/537.36 (KHTML, like Gecko) Chrome/88.0.4298.0 Safari/537.36 Edg/88.0.685.3"
108.162.212.29 - - [05/Nov/2020:14:54:12 -0300] "GET /static/js/main.e4da958a.chunk.js HTTP/1.1" 404 209 "https://cadunesc.com.br/painel" "Mozilla/5.0 (X11; Linux x86_64) AppleWebKit/537.36 (KHTML, like Gecko) Chrome/88.0.4298.0 Safari/537.36 Edg/88.0.685.3"
108.162.212.29 - - [05/Nov/2020:14:54:12 -0300] "GET /static/css/main.3b5526a6.chunk.css HTTP/1.1" 404 209 "https://cadunesc.com.br/painel" "Mozilla/5.0 (X11; Linux x86_64) AppleWebKit/537.36 (KHTML, like Gecko) Chrome/88.0.4298.0 Safari/537.36 Edg/88.0.685.3"
108.162.212.29 - - [05/Nov/2020:14:54:12 -0300] "GET /static/js/2.e13aa5c2.chunk.js HTTP/1.1" 404 209 "https://cadunesc.com.br/painel" "Mozilla/5.0 (X11; Linux x86_64) AppleWebKit/537.36 (KHTML, like Gecko) Chrome/88.0.4298.0 Safari/537.36 Edg/88.0.685.3"
108.162.212.29 - - [05/Nov/2020:14:54:12 -0300] "GET /static/js/2.e13aa5c2.chunk.js HTTP/1.1" 404 209 "https://cadunesc.com.br/painel" "Mozilla/5.0 (X11; Linux x86_64) AppleWebKit/537.36 (KHTML, like Gecko) Chrome/88.0.4298.0 Safari/537.36 Edg/88.0.685.3"
108.162.212.29 - - [05/Nov/2020:14:54:12 -0300] "GET /static/js/main.e4da958a.chunk.js HTTP/1.1" 404 209 "https://cadunesc.com.br/painel" "Mozilla/5.0 (X11; Linux x86_64) AppleWebKit/537.36 (KHTML, like Gecko) Chrome/88.0.4298.0 Safari/537.36 Edg/88.0.685.3"
108.162.210.156 - - [05/Nov/2020:14:54:13 -0300] "GET /manifest.json HTTP/1.1" 404 622 "https://cadunesc.com.br/painel" "Mozilla/5.0 (X11; Linux x86_64) AppleWebKit/537.36 (KHTML, like Gecko) Chrome/88.0.4298.0 Safari/537.36 Edg/88.0.685.3"
108.162.212.29 - - [05/Nov/2020:14:54:15 -0300] "GET /painel HTTP/1.1" 200 1158 "-" "Mozilla/5.0 (X11; Linux x86_64) AppleWebKit/537.36 (KHTML, like Gecko) Chrome/88.0.4298.0 Safari/537.36 Edg/88.0.685.3"
108.162.212.29 - - [05/Nov/2020:14:54:15 -0300] "GET /static/js/2.e13aa5c2.chunk.js HTTP/1.1" 404 209 "https://cadunesc.com.br/painel" "Mozilla/5.0 (X11; Linux x86_64) AppleWebKit/537.36 (KHTML, like Gecko) Chrome/88.0.4298.0 Safari/537.36 Edg/88.0.685.3"
108.162.212.29 - - [05/Nov/2020:14:54:15 -0300] "GET /static/css/2.ade48900.chunk.css HTTP/1.1" 404 209 "https://cadunesc.com.br/painel" "Mozilla/5.0 (X11; Linux x86_64) AppleWebKit/537.36 (KHTML, like Gecko) Chrome/88.0.4298.0 Safari/537.36 Edg/88.0.685.3"
108.162.212.29 - - [05/Nov/2020:14:54:15 -0300] "GET /static/js/main.e4da958a.chunk.js HTTP/1.1" 404 209 "https://cadunesc.com.br/painel" "Mozilla/5.0 (X11; Linux x86_64) AppleWebKit/537.36 (KHTML, like Gecko) Chrome/88.0.4298.0 Safari/537.36 Edg/88.0.685.3"
108.162.212.29 - - [05/Nov/2020:14:54:15 -0300] "GET /static/css/main.3b5526a6.chunk.css HTTP/1.1" 404 209 "https://cadunesc.com.br/painel" "Mozilla/5.0 (X11; Linux x86_64) AppleWebKit/537.36 (KHTML, like Gecko) Chrome/88.0.4298.0 Safari/537.36 Edg/88.0.685.3"
108.162.212.29 - - [05/Nov/2020:14:54:15 -0300] "GET /static/js/2.e13aa5c2.chunk.js HTTP/1.1" 404 209 "https://cadunesc.com.br/painel" "Mozilla/5.0 (X11; Linux x86_64) AppleWebKit/537.36 (KHTML, like Gecko) Chrome/88.0.4298.0 Safari/537.36 Edg/88.0.685.3"
108.162.212.29 - - [05/Nov/2020:14:54:16 -0300] "GET /static/js/main.e4da958a.chunk.js HTTP/1.1" 404 209 "https://cadunesc.com.br/painel" "Mozilla/5.0 (X11; Linux x86_64) AppleWebKit/537.36 (KHTML, like Gecko) Chrome/88.0.4298.0 Safari/537.36 Edg/88.0.685.3"
108.162.210.156 - - [05/Nov/2020:14:54:16 -0300] "GET /manifest.json HTTP/1.1" 404 622 "https://cadunesc.com.br/painel" "Mozilla/5.0 (X11; Linux x86_64) AppleWebKit/537.36 (KHTML, like Gecko) Chrome/88.0.4298.0 Safari/537.36 Edg/88.0.685.3"
172.68.24.68 - - [05/Nov/2020:14:54:37 -0300] "GET / HTTP/1.1" 200 3664 "-" "Mozilla/5.0 (Macintosh; Intel Mac OS X 10_13_6) AppleWebKit/537.36 (KHTML, like Gecko) Chrome/86.0.4240.183 Safari/537.36"
172.68.24.68 - - [05/Nov/2020:14:54:37 -0300] "GET /style/subnavbar-style.css HTTP/1.1" 200 680 "https://cadunesc.com.br/" "Mozilla/5.0 (Macintosh; Intel Mac OS X 10_13_6) AppleWebKit/537.36 (KHTML, like Gecko) Chrome/86.0.4240.183 Safari/537.36"
172.68.24.68 - - [05/Nov/2020:14:54:37 -0300] "GET /style/navbar-style.css HTTP/1.1" 200 354 "https://cadunesc.com.br/" "Mozilla/5.0 (Macintosh; Intel Mac OS X 10_13_6) AppleWebKit/537.36 (KHTML, like Gecko) Chrome/86.0.4240.183 Safari/537.36"
172.68.24.68 - - [05/Nov/2020:14:54:38 -0300] "GET /storage/logo.png HTTP/1.1" 200 131907 "https://cadunesc.com.br/" "Mozilla/5.0 (Macintosh; Intel Mac OS X 10_13_6) AppleWebKit/537.36 (KHTML, like Gecko) Chrome/86.0.4240.183 Safari/537.36"
172.68.24.68 - - [05/Nov/2020:14:54:39 -0300] "GET /favicon.ico HTTP/1.1" 200 0 "https://cadunesc.com.br/" "Mozilla/5.0 (Macintosh; Intel Mac OS X 10_13_6) AppleWebKit/537.36 (KHTML, like Gecko) Chrome/86.0.4240.183 Safari/537.36"
172.68.24.68 - - [05/Nov/2020:14:55:00 -0300] "GET /documents HTTP/1.1" 200 2893 "https://cadunesc.com.br/" "Mozilla/5.0 (Macintosh; Intel Mac OS X 10_13_6) AppleWebKit/537.36 (KHTML, like Gecko) Chrome/86.0.4240.183 Safari/537.36"
172.68.24.68 - - [05/Nov/2020:14:55:00 -0300] "GET /style/subnavbar-style.css HTTP/1.1" 200 680 "https://cadunesc.com.br/documents" "Mozilla/5.0 (Macintosh; Intel Mac OS X 10_13_6) AppleWebKit/537.36 (KHTML, like Gecko) Chrome/86.0.4240.183 Safari/537.36"
172.68.24.68 - - [05/Nov/2020:14:55:00 -0300] "GET /style/navbar-style.css HTTP/1.1" 200 354 "https://cadunesc.com.br/documents" "Mozilla/5.0 (Macintosh; Intel Mac OS X 10_13_6) AppleWebKit/537.36 (KHTML, like Gecko) Chrome/86.0.4240.183 Safari/537.36"
172.68.24.68 - - [05/Nov/2020:14:55:01 -0300] "GET /storage/logo.png HTTP/1.1" 200 131907 "https://cadunesc.com.br/documents" "Mozilla/5.0 (Macintosh; Intel Mac OS X 10_13_6) AppleWebKit/537.36 (KHTML, like Gecko) Chrome/86.0.4240.183 Safari/537.36"
172.68.24.68 - - [05/Nov/2020:14:55:01 -0300] "GET /favicon.ico HTTP/1.1" 200 0 "https://cadunesc.com.br/documents" "Mozilla/5.0 (Macintosh; Intel Mac OS X 10_13_6) AppleWebKit/537.36 (KHTML, like Gecko) Chrome/86.0.4240.183 Safari/537.36"
108.162.210.156 - - [05/Nov/2020:14:55:07 -0300] "GET /api/sliders?api_token=$2y$10$uHGDguHpeBusa3zVWpO1VO2o/vNzD0c.Fla55f8tTWafGzMU9NEii HTTP/1.1" 200 12 "https://app.cadunesc.com.br/" "Mozilla/5.0 (X11; Linux x86_64) AppleWebKit/537.36 (KHTML, like Gecko) Chrome/88.0.4298.0 Safari/537.36 Edg/88.0.685.3"
172.68.24.68 - - [05/Nov/2020:14:55:13 -0300] "GET /storage/documents/PS7dlkvoxEUX5xttz4U3Lfko0SGOAQ1AzUAmC7Vh.pdf HTTP/1.1" 200 3028 "-" "Mozilla/5.0 (Macintosh; Intel Mac OS X 10_13_6) AppleWebKit/537.36 (KHTML, like Gecko) Chrome/86.0.4240.183 Safari/537.36"
172.68.24.68 - - [05/Nov/2020:14:55:15 -0300] "GET /favicon.ico HTTP/1.1" 200 0 "https://cadunesc.com.br/storage/documents/PS7dlkvoxEUX5xttz4U3Lfko0SGOAQ1AzUAmC7Vh.pdf" "Mozilla/5.0 (Macintosh; Intel Mac OS X 10_13_6) AppleWebKit/537.36 (KHTML, like Gecko) Chrome/86.0.4240.183 Safari/537.36"
108.162.210.156 - - [05/Nov/2020:14:55:42 -0300] "POST /api/sliders?api_token=$2y$10$uHGDguHpeBusa3zVWpO1VO2o/vNzD0c.Fla55f8tTWafGzMU9NEii HTTP/1.1" 201 295 "https://app.cadunesc.com.br/" "Mozilla/5.0 (X11; Linux x86_64) AppleWebKit/537.36 (KHTML, like Gecko) Chrome/88.0.4298.0 Safari/537.36 Edg/88.0.685.3"
108.162.210.156 - - [05/Nov/2020:14:55:43 -0300] "GET /api/events?limit=1&offset=1&api_token=$2y$10$uHGDguHpeBusa3zVWpO1VO2o/vNzD0c.Fla55f8tTWafGzMU9NEii HTTP/1.1" 200 667 "https://app.cadunesc.com.br/" "Mozilla/5.0 (X11; Linux x86_64) AppleWebKit/537.36 (KHTML, like Gecko) Chrome/88.0.4298.0 Safari/537.36 Edg/88.0.685.3"
108.162.210.156 - - [05/Nov/2020:14:55:43 -0300] "GET /api/sliders?api_token=$2y$10$uHGDguHpeBusa3zVWpO1VO2o/vNzD0c.Fla55f8tTWafGzMU9NEii HTTP/1.1" 200 315 "https://app.cadunesc.com.br/" "Mozilla/5.0 (X11; Linux x86_64) AppleWebKit/537.36 (KHTML, like Gecko) Chrome/88.0.4298.0 Safari/537.36 Edg/88.0.685.3"
172.68.24.68 - - [05/Nov/2020:14:55:54 -0300] "GET /documents HTTP/1.1" 200 2893 "https://cadunesc.com.br/" "Mozilla/5.0 (Macintosh; Intel Mac OS X 10_13_6) AppleWebKit/537.36 (KHTML, like Gecko) Chrome/86.0.4240.183 Safari/537.36"
172.68.24.68 - - [05/Nov/2020:14:55:54 -0300] "GET /style/subnavbar-style.css HTTP/1.1" 200 680 "https://cadunesc.com.br/documents" "Mozilla/5.0 (Macintosh; Intel Mac OS X 10_13_6) AppleWebKit/537.36 (KHTML, like Gecko) Chrome/86.0.4240.183 Safari/537.36"
172.68.24.68 - - [05/Nov/2020:14:55:54 -0300] "GET /style/navbar-style.css HTTP/1.1" 200 354 "https://cadunesc.com.br/documents" "Mozilla/5.0 (Macintosh; Intel Mac OS X 10_13_6) AppleWebKit/537.36 (KHTML, like Gecko) Chrome/86.0.4240.183 Safari/537.36"
172.68.24.68 - - [05/Nov/2020:14:55:55 -0300] "GET /storage/logo.png HTTP/1.1" 200 131907 "https://cadunesc.com.br/documents" "Mozilla/5.0 (Macintosh; Intel Mac OS X 10_13_6) AppleWebKit/537.36 (KHTML, like Gecko) Chrome/86.0.4240.183 Safari/537.36"
172.68.24.68 - - [05/Nov/2020:14:55:55 -0300] "GET /favicon.ico HTTP/1.1" 200 0 "https://cadunesc.com.br/documents" "Mozilla/5.0 (Macintosh; Intel Mac OS X 10_13_6) AppleWebKit/537.36 (KHTML, like Gecko) Chrome/86.0.4240.183 Safari/537.36"
108.162.210.156 - - [05/Nov/2020:14:56:59 -0300] "GET /api/events?offset=1&limit=8&api_token=$2y$10$uHGDguHpeBusa3zVWpO1VO2o/vNzD0c.Fla55f8tTWafGzMU9NEii HTTP/1.1" 200 1122 "https://app.cadunesc.com.br/" "Mozilla/5.0 (X11; Linux x86_64) AppleWebKit/537.36 (KHTML, like Gecko) Chrome/88.0.4298.0 Safari/537.36 Edg/88.0.685.3"
108.162.210.156 - - [05/Nov/2020:14:57:02 -0300] "GET /api/documents?api_token=$2y$10$uHGDguHpeBusa3zVWpO1VO2o/vNzD0c.Fla55f8tTWafGzMU9NEii&limit=8&offset=1 HTTP/1.1" 200 433 "https://app.cadunesc.com.br/" "Mozilla/5.0 (X11; Linux x86_64) AppleWebKit/537.36 (KHTML, like Gecko) Chrome/88.0.4298.0 Safari/537.36 Edg/88.0.685.3"
108.162.212.29 - - [05/Nov/2020:14:57:03 -0300] "GET /storage/documents/PS7dlkvoxEUX5xttz4U3Lfko0SGOAQ1AzUAmC7Vh.pdf HTTP/1.1" 200 3028 "-" "Mozilla/5.0 (X11; Linux x86_64) AppleWebKit/537.36 (KHTML, like Gecko) Chrome/88.0.4298.0 Safari/537.36 Edg/88.0.685.3"
108.162.210.156 - - [05/Nov/2020:14:57:24 -0300] "GET /api/sliders?api_token=$2y$10$uHGDguHpeBusa3zVWpO1VO2o/vNzD0c.Fla55f8tTWafGzMU9NEii HTTP/1.1" 200 308 "https://app.cadunesc.com.br/" "Mozilla/5.0 (X11; Linux x86_64) AppleWebKit/537.36 (KHTML, like Gecko) Chrome/88.0.4298.0 Safari/537.36 Edg/88.0.685.3"
108.162.212.29 - - [05/Nov/2020:14:57:24 -0300] "GET /storage/sliders/wUlHjO5au9TCUW8VOytdg5iMTOhaNiVnTDahNzvY.png HTTP/1.1" 200 445426 "https://app.cadunesc.com.br/" "Mozilla/5.0 (X11; Linux x86_64) AppleWebKit/537.36 (KHTML, like Gecko) Chrome/88.0.4298.0 Safari/537.36 Edg/88.0.685.3"
172.68.24.68 - - [05/Nov/2020:14:57:29 -0300] "GET /events HTTP/1.1" 200 3810 "https://cadunesc.com.br/documents" "Mozilla/5.0 (Macintosh; Intel Mac OS X 10_13_6) AppleWebKit/537.36 (KHTML, like Gecko) Chrome/86.0.4240.183 Safari/537.36"
172.68.24.68 - - [05/Nov/2020:14:57:30 -0300] "GET /style/navbar-style.css HTTP/1.1" 200 354 "https://cadunesc.com.br/events" "Mozilla/5.0 (Macintosh; Intel Mac OS X 10_13_6) AppleWebKit/537.36 (KHTML, like Gecko) Chrome/86.0.4240.183 Safari/537.36"
172.68.24.68 - - [05/Nov/2020:14:57:30 -0300] "GET /style/subnavbar-style.css HTTP/1.1" 200 680 "https://cadunesc.com.br/events" "Mozilla/5.0 (Macintosh; Intel Mac OS X 10_13_6) AppleWebKit/537.36 (KHTML, like Gecko) Chrome/86.0.4240.183 Safari/537.36"
172.68.24.68 - - [05/Nov/2020:14:57:30 -0300] "GET /storage/logo.png HTTP/1.1" 200 131907 "https://cadunesc.com.br/events" "Mozilla/5.0 (Macintosh; Intel Mac OS X 10_13_6) AppleWebKit/537.36 (KHTML, like Gecko) Chrome/86.0.4240.183 Safari/537.36"
172.68.24.68 - - [05/Nov/2020:14:57:31 -0300] "GET /favicon.ico HTTP/1.1" 200 0 "https://cadunesc.com.br/events" "Mozilla/5.0 (Macintosh; Intel Mac OS X 10_13_6) AppleWebKit/537.36 (KHTML, like Gecko) Chrome/86.0.4240.183 Safari/537.36"
108.162.212.29 - - [05/Nov/2020:14:57:34 -0300] "GET / HTTP/1.1" 200 3848 "-" "Mozilla/5.0 (X11; Linux x86_64) AppleWebKit/537.36 (KHTML, like Gecko) Chrome/88.0.4298.0 Safari/537.36 Edg/88.0.685.3"
108.162.212.29 - - [05/Nov/2020:14:57:35 -0300] "GET /storage/https://cadunesc.domingues.xyz/storage/events/85jQXU1i2o61uvSKhpk2ZwkSW9YxclPPgNIYdM7e.png HTTP/1.1" 404 209 "https://cadunesc.com.br/" "Mozilla/5.0 (X11; Linux x86_64) AppleWebKit/537.36 (KHTML, like Gecko) Chrome/88.0.4298.0 Safari/537.36 Edg/88.0.685.3"
108.162.210.156 - - [05/Nov/2020:14:57:47 -0300] "GET /api/events?offset=1&limit=8&api_token=$2y$10$uHGDguHpeBusa3zVWpO1VO2o/vNzD0c.Fla55f8tTWafGzMU9NEii HTTP/1.1" 200 1122 "https://app.cadunesc.com.br/" "Mozilla/5.0 (X11; Linux x86_64) AppleWebKit/537.36 (KHTML, like Gecko) Chrome/88.0.4298.0 Safari/537.36 Edg/88.0.685.3"
108.162.210.156 - - [05/Nov/2020:14:57:50 -0300] "GET /api/events/12/?api_token=$2y$10$uHGDguHpeBusa3zVWpO1VO2o/vNzD0c.Fla55f8tTWafGzMU9NEii HTTP/1.1" 200 459 "https://app.cadunesc.com.br/" "Mozilla/5.0 (X11; Linux x86_64) AppleWebKit/537.36 (KHTML, like Gecko) Chrome/88.0.4298.0 Safari/537.36 Edg/88.0.685.3"
108.162.210.156 - - [05/Nov/2020:14:57:53 -0300] "GET /api/events?offset=1&limit=8&api_token=$2y$10$uHGDguHpeBusa3zVWpO1VO2o/vNzD0c.Fla55f8tTWafGzMU9NEii HTTP/1.1" 200 1122 "https://app.cadunesc.com.br/" "Mozilla/5.0 (X11; Linux x86_64) AppleWebKit/537.36 (KHTML, like Gecko) Chrome/88.0.4298.0 Safari/537.36 Edg/88.0.685.3"
172.68.24.68 - - [05/Nov/2020:14:57:55 -0300] "GET /events HTTP/1.1" 200 3810 "https://cadunesc.com.br/documents" "Mozilla/5.0 (Macintosh; Intel Mac OS X 10_13_6) AppleWebKit/537.36 (KHTML, like Gecko) Chrome/86.0.4240.183 Safari/537.36"
172.68.24.68 - - [05/Nov/2020:14:57:55 -0300] "GET /style/subnavbar-style.css HTTP/1.1" 200 680 "https://cadunesc.com.br/events" "Mozilla/5.0 (Macintosh; Intel Mac OS X 10_13_6) AppleWebKit/537.36 (KHTML, like Gecko) Chrome/86.0.4240.183 Safari/537.36"
172.68.24.68 - - [05/Nov/2020:14:57:55 -0300] "GET /style/navbar-style.css HTTP/1.1" 200 354 "https://cadunesc.com.br/events" "Mozilla/5.0 (Macintosh; Intel Mac OS X 10_13_6) AppleWebKit/537.36 (KHTML, like Gecko) Chrome/86.0.4240.183 Safari/537.36"
108.162.210.156 - - [05/Nov/2020:14:57:55 -0300] "OPTIONS /api/events/14?api_token=$2y$10$uHGDguHpeBusa3zVWpO1VO2o/vNzD0c.Fla55f8tTWafGzMU9NEii HTTP/1.1" 204 0 "https://app.cadunesc.com.br/" "Mozilla/5.0 (X11; Linux x86_64) AppleWebKit/537.36 (KHTML, like Gecko) Chrome/88.0.4298.0 Safari/537.36 Edg/88.0.685.3"
108.162.210.156 - - [05/Nov/2020:14:57:56 -0300] "DELETE /api/events/14?api_token=$2y$10$uHGDguHpeBusa3zVWpO1VO2o/vNzD0c.Fla55f8tTWafGzMU9NEii HTTP/1.1" 204 0 "https://app.cadunesc.com.br/" "Mozilla/5.0 (X11; Linux x86_64) AppleWebKit/537.36 (KHTML, like Gecko) Chrome/88.0.4298.0 Safari/537.36 Edg/88.0.685.3"
172.68.24.68 - - [05/Nov/2020:14:57:56 -0300] "GET /storage/logo.png HTTP/1.1" 200 131907 "https://cadunesc.com.br/events" "Mozilla/5.0 (Macintosh; Intel Mac OS X 10_13_6) AppleWebKit/537.36 (KHTML, like Gecko) Chrome/86.0.4240.183 Safari/537.36"
108.162.210.156 - - [05/Nov/2020:14:57:56 -0300] "GET /api/events?offset=1&limit=8&api_token=$2y$10$uHGDguHpeBusa3zVWpO1VO2o/vNzD0c.Fla55f8tTWafGzMU9NEii HTTP/1.1" 200 653 "https://app.cadunesc.com.br/" "Mozilla/5.0 (X11; Linux x86_64) AppleWebKit/537.36 (KHTML, like Gecko) Chrome/88.0.4298.0 Safari/537.36 Edg/88.0.685.3"
172.68.24.68 - - [05/Nov/2020:14:57:56 -0300] "GET /favicon.ico HTTP/1.1" 200 0 "https://cadunesc.com.br/events" "Mozilla/5.0 (Macintosh; Intel Mac OS X 10_13_6) AppleWebKit/537.36 (KHTML, like Gecko) Chrome/86.0.4240.183 Safari/537.36"
108.162.210.156 - - [05/Nov/2020:14:57:58 -0300] "OPTIONS /api/events/12?api_token=$2y$10$uHGDguHpeBusa3zVWpO1VO2o/vNzD0c.Fla55f8tTWafGzMU9NEii HTTP/1.1" 204 0 "https://app.cadunesc.com.br/" "Mozilla/5.0 (X11; Linux x86_64) AppleWebKit/537.36 (KHTML, like Gecko) Chrome/88.0.4298.0 Safari/537.36 Edg/88.0.685.3"
108.162.210.156 - - [05/Nov/2020:14:57:58 -0300] "DELETE /api/events/12?api_token=$2y$10$uHGDguHpeBusa3zVWpO1VO2o/vNzD0c.Fla55f8tTWafGzMU9NEii HTTP/1.1" 204 0 "https://app.cadunesc.com.br/" "Mozilla/5.0 (X11; Linux x86_64) AppleWebKit/537.36 (KHTML, like Gecko) Chrome/88.0.4298.0 Safari/537.36 Edg/88.0.685.3"
108.162.210.156 - - [05/Nov/2020:14:57:58 -0300] "GET /api/events?offset=1&limit=8&api_token=$2y$10$uHGDguHpeBusa3zVWpO1VO2o/vNzD0c.Fla55f8tTWafGzMU9NEii HTTP/1.1" 200 211 "https://app.cadunesc.com.br/" "Mozilla/5.0 (X11; Linux x86_64) AppleWebKit/537.36 (KHTML, like Gecko) Chrome/88.0.4298.0 Safari/537.36 Edg/88.0.685.3"
108.162.212.29 - - [05/Nov/2020:14:58:02 -0300] "GET / HTTP/1.1" 200 3726 "-" "Mozilla/5.0 (X11; Linux x86_64) AppleWebKit/537.36 (KHTML, like Gecko) Chrome/88.0.4298.0 Safari/537.36 Edg/88.0.685.3"
108.162.212.29 - - [05/Nov/2020:14:58:03 -0300] "GET /favicon.ico HTTP/1.1" 200 0 "https://cadunesc.com.br/" "Mozilla/5.0 (X11; Linux x86_64) AppleWebKit/537.36 (KHTML, like Gecko) Chrome/88.0.4298.0 Safari/537.36 Edg/88.0.685.3"
172.68.24.68 - - [05/Nov/2020:14:58:06 -0300] "GET /events/14 HTTP/1.1" 404 622 "-" "Mozilla/5.0 (Macintosh; Intel Mac OS X 10_13_6) AppleWebKit/537.36 (KHTML, like Gecko) Chrome/86.0.4240.183 Safari/537.36"
172.68.24.68 - - [05/Nov/2020:14:58:07 -0300] "GET /favicon.ico HTTP/1.1" 200 0 "https://cadunesc.com.br/events/14" "Mozilla/5.0 (Macintosh; Intel Mac OS X 10_13_6) AppleWebKit/537.36 (KHTML, like Gecko) Chrome/86.0.4240.183 Safari/537.36"
172.68.24.68 - - [05/Nov/2020:14:58:11 -0300] "GET /events HTTP/1.1" 200 3724 "https://cadunesc.com.br/documents" "Mozilla/5.0 (Macintosh; Intel Mac OS X 10_13_6) AppleWebKit/537.36 (KHTML, like Gecko) Chrome/86.0.4240.183 Safari/537.36"
172.68.24.68 - - [05/Nov/2020:14:58:11 -0300] "GET /style/subnavbar-style.css HTTP/1.1" 200 680 "https://cadunesc.com.br/events" "Mozilla/5.0 (Macintosh; Intel Mac OS X 10_13_6) AppleWebKit/537.36 (KHTML, like Gecko) Chrome/86.0.4240.183 Safari/537.36"
172.68.24.68 - - [05/Nov/2020:14:58:11 -0300] "GET /style/navbar-style.css HTTP/1.1" 200 354 "https://cadunesc.com.br/events" "Mozilla/5.0 (Macintosh; Intel Mac OS X 10_13_6) AppleWebKit/537.36 (KHTML, like Gecko) Chrome/86.0.4240.183 Safari/537.36"
172.68.24.68 - - [05/Nov/2020:14:58:12 -0300] "GET /storage/logo.png HTTP/1.1" 200 131907 "https://cadunesc.com.br/events" "Mozilla/5.0 (Macintosh; Intel Mac OS X 10_13_6) AppleWebKit/537.36 (KHTML, like Gecko) Chrome/86.0.4240.183 Safari/537.36"
172.68.24.68 - - [05/Nov/2020:14:58:12 -0300] "GET /favicon.ico HTTP/1.1" 200 0 "https://cadunesc.com.br/events" "Mozilla/5.0 (Macintosh; Intel Mac OS X 10_13_6) AppleWebKit/537.36 (KHTML, like Gecko) Chrome/86.0.4240.183 Safari/537.36"
172.68.24.68 - - [05/Nov/2020:14:58:15 -0300] "GET /events HTTP/1.1" 200 3724 "https://cadunesc.com.br/documents" "Mozilla/5.0 (Macintosh; Intel Mac OS X 10_13_6) AppleWebKit/537.36 (KHTML, like Gecko) Chrome/86.0.4240.183 Safari/537.36"
172.68.24.68 - - [05/Nov/2020:14:58:15 -0300] "GET /style/navbar-style.css HTTP/1.1" 200 354 "https://cadunesc.com.br/events" "Mozilla/5.0 (Macintosh; Intel Mac OS X 10_13_6) AppleWebKit/537.36 (KHTML, like Gecko) Chrome/86.0.4240.183 Safari/537.36"
172.68.24.68 - - [05/Nov/2020:14:58:16 -0300] "GET /style/subnavbar-style.css HTTP/1.1" 200 680 "https://cadunesc.com.br/events" "Mozilla/5.0 (Macintosh; Intel Mac OS X 10_13_6) AppleWebKit/537.36 (KHTML, like Gecko) Chrome/86.0.4240.183 Safari/537.36"
172.68.24.68 - - [05/Nov/2020:14:58:16 -0300] "GET /storage/logo.png HTTP/1.1" 200 131907 "https://cadunesc.com.br/events" "Mozilla/5.0 (Macintosh; Intel Mac OS X 10_13_6) AppleWebKit/537.36 (KHTML, like Gecko) Chrome/86.0.4240.183 Safari/537.36"
172.68.24.68 - - [05/Nov/2020:14:58:16 -0300] "GET /favicon.ico HTTP/1.1" 200 0 "https://cadunesc.com.br/events" "Mozilla/5.0 (Macintosh; Intel Mac OS X 10_13_6) AppleWebKit/537.36 (KHTML, like Gecko) Chrome/86.0.4240.183 Safari/537.36"
172.68.24.68 - - [05/Nov/2020:14:58:22 -0300] "GET / HTTP/1.1" 200 3726 "https://cadunesc.com.br/events" "Mozilla/5.0 (Macintosh; Intel Mac OS X 10_13_6) AppleWebKit/537.36 (KHTML, like Gecko) Chrome/86.0.4240.183 Safari/537.36"
172.68.24.68 - - [05/Nov/2020:14:58:22 -0300] "GET /style/subnavbar-style.css HTTP/1.1" 200 680 "https://cadunesc.com.br/" "Mozilla/5.0 (Macintosh; Intel Mac OS X 10_13_6) AppleWebKit/537.36 (KHTML, like Gecko) Chrome/86.0.4240.183 Safari/537.36"
172.68.24.68 - - [05/Nov/2020:14:58:22 -0300] "GET /style/navbar-style.css HTTP/1.1" 200 354 "https://cadunesc.com.br/" "Mozilla/5.0 (Macintosh; Intel Mac OS X 10_13_6) AppleWebKit/537.36 (KHTML, like Gecko) Chrome/86.0.4240.183 Safari/537.36"
172.68.24.68 - - [05/Nov/2020:14:58:23 -0300] "GET /storage/logo.png HTTP/1.1" 200 131907 "https://cadunesc.com.br/" "Mozilla/5.0 (Macintosh; Intel Mac OS X 10_13_6) AppleWebKit/537.36 (KHTML, like Gecko) Chrome/86.0.4240.183 Safari/537.36"
172.68.24.68 - - [05/Nov/2020:14:58:23 -0300] "GET /storage/sliders/wUlHjO5au9TCUW8VOytdg5iMTOhaNiVnTDahNzvY.png HTTP/1.1" 200 445426 "https://cadunesc.com.br/" "Mozilla/5.0 (Macintosh; Intel Mac OS X 10_13_6) AppleWebKit/537.36 (KHTML, like Gecko) Chrome/86.0.4240.183 Safari/537.36"
172.68.24.68 - - [05/Nov/2020:14:58:23 -0300] "GET /favicon.ico HTTP/1.1" 200 0 "https://cadunesc.com.br/" "Mozilla/5.0 (Macintosh; Intel Mac OS X 10_13_6) AppleWebKit/537.36 (KHTML, like Gecko) Chrome/86.0.4240.183 Safari/537.36"
108.162.210.156 - - [05/Nov/2020:14:58:27 -0300] "POST /api/events?api_token=$2y$10$uHGDguHpeBusa3zVWpO1VO2o/vNzD0c.Fla55f8tTWafGzMU9NEii HTTP/1.1" 201 474 "https://app.cadunesc.com.br/" "Mozilla/5.0 (X11; Linux x86_64) AppleWebKit/537.36 (KHTML, like Gecko) Chrome/88.0.4298.0 Safari/537.36 Edg/88.0.685.3"
108.162.210.156 - - [05/Nov/2020:14:58:29 -0300] "GET /api/events?offset=1&limit=8&api_token=$2y$10$uHGDguHpeBusa3zVWpO1VO2o/vNzD0c.Fla55f8tTWafGzMU9NEii HTTP/1.1" 200 686 "https://app.cadunesc.com.br/" "Mozilla/5.0 (X11; Linux x86_64) AppleWebKit/537.36 (KHTML, like Gecko) Chrome/88.0.4298.0 Safari/537.36 Edg/88.0.685.3"
108.162.212.29 - - [05/Nov/2020:14:58:33 -0300] "GET / HTTP/1.1" 200 3726 "-" "Mozilla/5.0 (X11; Linux x86_64) AppleWebKit/537.36 (KHTML, like Gecko) Chrome/88.0.4298.0 Safari/537.36 Edg/88.0.685.3"
108.162.212.29 - - [05/Nov/2020:14:58:39 -0300] "GET / HTTP/1.1" 200 3726 "-" "Mozilla/5.0 (X11; Linux x86_64) AppleWebKit/537.36 (KHTML, like Gecko) Chrome/88.0.4298.0 Safari/537.36 Edg/88.0.685.3"
108.162.212.29 - - [05/Nov/2020:14:58:39 -0300] "GET /favicon.ico HTTP/1.1" 200 0 "https://cadunesc.com.br/" "Mozilla/5.0 (X11; Linux x86_64) AppleWebKit/537.36 (KHTML, like Gecko) Chrome/88.0.4298.0 Safari/537.36 Edg/88.0.685.3"
108.162.210.156 - - [05/Nov/2020:14:59:03 -0300] "GET /api/events?limit=1&offset=1&api_token=$2y$10$uHGDguHpeBusa3zVWpO1VO2o/vNzD0c.Fla55f8tTWafGzMU9NEii HTTP/1.1" 200 686 "https://app.cadunesc.com.br/" "Mozilla/5.0 (X11; Linux x86_64) AppleWebKit/537.36 (KHTML, like Gecko) Chrome/88.0.4298.0 Safari/537.36 Edg/88.0.685.3"
108.162.210.156 - - [05/Nov/2020:14:59:03 -0300] "GET /api/events?offset=1&limit=8&api_token=$2y$10$uHGDguHpeBusa3zVWpO1VO2o/vNzD0c.Fla55f8tTWafGzMU9NEii HTTP/1.1" 200 686 "https://app.cadunesc.com.br/" "Mozilla/5.0 (X11; Linux x86_64) AppleWebKit/537.36 (KHTML, like Gecko) Chrome/88.0.4298.0 Safari/537.36 Edg/88.0.685.3"
172.68.24.68 - - [05/Nov/2020:14:59:03 -0300] "GET / HTTP/1.1" 200 3726 "https://cadunesc.com.br/events" "Mozilla/5.0 (Macintosh; Intel Mac OS X 10_13_6) AppleWebKit/537.36 (KHTML, like Gecko) Chrome/86.0.4240.183 Safari/537.36"
172.68.24.68 - - [05/Nov/2020:14:59:04 -0300] "GET /style/subnavbar-style.css HTTP/1.1" 200 680 "https://cadunesc.com.br/" "Mozilla/5.0 (Macintosh; Intel Mac OS X 10_13_6) AppleWebKit/537.36 (KHTML, like Gecko) Chrome/86.0.4240.183 Safari/537.36"
172.68.24.68 - - [05/Nov/2020:14:59:04 -0300] "GET /style/navbar-style.css HTTP/1.1" 200 354 "https://cadunesc.com.br/" "Mozilla/5.0 (Macintosh; Intel Mac OS X 10_13_6) AppleWebKit/537.36 (KHTML, like Gecko) Chrome/86.0.4240.183 Safari/537.36"
172.68.24.68 - - [05/Nov/2020:14:59:04 -0300] "GET /storage/logo.png HTTP/1.1" 200 131907 "https://cadunesc.com.br/" "Mozilla/5.0 (Macintosh; Intel Mac OS X 10_13_6) AppleWebKit/537.36 (KHTML, like Gecko) Chrome/86.0.4240.183 Safari/537.36"
172.68.24.68 - - [05/Nov/2020:14:59:04 -0300] "GET /storage/sliders/wUlHjO5au9TCUW8VOytdg5iMTOhaNiVnTDahNzvY.png HTTP/1.1" 200 445426 "https://cadunesc.com.br/" "Mozilla/5.0 (Macintosh; Intel Mac OS X 10_13_6) AppleWebKit/537.36 (KHTML, like Gecko) Chrome/86.0.4240.183 Safari/537.36"
172.68.24.68 - - [05/Nov/2020:14:59:05 -0300] "GET /favicon.ico HTTP/1.1" 200 0 "https://cadunesc.com.br/" "Mozilla/5.0 (Macintosh; Intel Mac OS X 10_13_6) AppleWebKit/537.36 (KHTML, like Gecko) Chrome/86.0.4240.183 Safari/537.36"
108.162.212.29 - - [05/Nov/2020:14:59:09 -0300] "GET / HTTP/1.1" 200 3726 "-" "Mozilla/5.0 (X11; Linux x86_64) AppleWebKit/537.36 (KHTML, like Gecko) Chrome/88.0.4298.0 Safari/537.36 Edg/88.0.685.3"
108.162.212.29 - - [05/Nov/2020:14:59:12 -0300] "GET /events HTTP/1.1" 200 3807 "https://cadunesc.com.br/" "Mozilla/5.0 (X11; Linux x86_64) AppleWebKit/537.36 (KHTML, like Gecko) Chrome/88.0.4298.0 Safari/537.36 Edg/88.0.685.3"
108.162.212.29 - - [05/Nov/2020:14:59:15 -0300] "GET /events/15 HTTP/1.1" 200 2946 "-" "Mozilla/5.0 (X11; Linux x86_64) AppleWebKit/537.36 (KHTML, like Gecko) Chrome/88.0.4298.0 Safari/537.36 Edg/88.0.685.3"
108.162.212.29 - - [05/Nov/2020:14:59:15 -0300] "GET /storage/events/Xab2sfNaeUELBjGxp2BDq0TrrVWnTKSN74MYyd22.png HTTP/1.1" 200 445426 "https://cadunesc.com.br/events/15" "Mozilla/5.0 (X11; Linux x86_64) AppleWebKit/537.36 (KHTML, like Gecko) Chrome/88.0.4298.0 Safari/537.36 Edg/88.0.685.3"
108.162.212.29 - - [05/Nov/2020:14:59:18 -0300] "GET / HTTP/1.1" 200 3726 "https://cadunesc.com.br/events/15" "Mozilla/5.0 (X11; Linux x86_64) AppleWebKit/537.36 (KHTML, like Gecko) Chrome/88.0.4298.0 Safari/537.36 Edg/88.0.685.3"
108.162.212.29 - - [05/Nov/2020:14:59:57 -0300] "GET /posts HTTP/1.1" 200 2665 "https://cadunesc.com.br/" "Mozilla/5.0 (X11; Linux x86_64) AppleWebKit/537.36 (KHTML, like Gecko) Chrome/88.0.4298.0 Safari/537.36 Edg/88.0.685.3"
108.162.212.29 - - [05/Nov/2020:14:59:59 -0300] "GET /posts/4 HTTP/1.1" 200 462589 "https://cadunesc.com.br/posts" "Mozilla/5.0 (X11; Linux x86_64) AppleWebKit/537.36 (KHTML, like Gecko) Chrome/88.0.4298.0 Safari/537.36 Edg/88.0.685.3"
108.162.212.29 - - [05/Nov/2020:15:00:08 -0300] "GET /contact HTTP/1.1" 200 3290 "https://cadunesc.com.br/posts/4" "Mozilla/5.0 (X11; Linux x86_64) AppleWebKit/537.36 (KHTML, like Gecko) Chrome/88.0.4298.0 Safari/537.36 Edg/88.0.685.3"
108.162.210.156 - - [05/Nov/2020:15:00:45 -0300] "POST /api/events?api_token=$2y$10$uHGDguHpeBusa3zVWpO1VO2o/vNzD0c.Fla55f8tTWafGzMU9NEii HTTP/1.1" 201 427 "https://app.cadunesc.com.br/" "Mozilla/5.0 (X11; Linux x86_64) AppleWebKit/537.36 (KHTML, like Gecko) Chrome/88.0.4298.0 Safari/537.36 Edg/88.0.685.3"
108.162.210.156 - - [05/Nov/2020:15:00:47 -0300] "GET /api/events?offset=1&limit=8&api_token=$2y$10$uHGDguHpeBusa3zVWpO1VO2o/vNzD0c.Fla55f8tTWafGzMU9NEii HTTP/1.1" 200 1120 "https://app.cadunesc.com.br/" "Mozilla/5.0 (X11; Linux x86_64) AppleWebKit/537.36 (KHTML, like Gecko) Chrome/88.0.4298.0 Safari/537.36 Edg/88.0.685.3"
108.162.212.29 - - [05/Nov/2020:15:00:52 -0300] "GET / HTTP/1.1" 200 3726 "https://cadunesc.com.br/contact" "Mozilla/5.0 (X11; Linux x86_64) AppleWebKit/537.36 (KHTML, like Gecko) Chrome/88.0.4298.0 Safari/537.36 Edg/88.0.685.3"
108.162.212.29 - - [05/Nov/2020:15:00:56 -0300] "GET /events HTTP/1.1" 200 3822 "https://cadunesc.com.br/" "Mozilla/5.0 (X11; Linux x86_64) AppleWebKit/537.36 (KHTML, like Gecko) Chrome/88.0.4298.0 Safari/537.36 Edg/88.0.685.3"
108.162.212.29 - - [05/Nov/2020:15:00:58 -0300] "GET /events/16 HTTP/1.1" 200 2932 "-" "Mozilla/5.0 (X11; Linux x86_64) AppleWebKit/537.36 (KHTML, like Gecko) Chrome/88.0.4298.0 Safari/537.36 Edg/88.0.685.3"
108.162.212.29 - - [05/Nov/2020:15:00:58 -0300] "GET /storage/events/JFKEksb19SnI8FeeAOEOOscIGnPNUL4OxlZX1Znt.png HTTP/1.1" 200 445426 "https://cadunesc.com.br/events/16" "Mozilla/5.0 (X11; Linux x86_64) AppleWebKit/537.36 (KHTML, like Gecko) Chrome/88.0.4298.0 Safari/537.36 Edg/88.0.685.3"
108.162.212.29 - - [05/Nov/2020:15:01:27 -0300] "GET / HTTP/1.1" 200 3726 "https://cadunesc.com.br/events/16" "Mozilla/5.0 (X11; Linux x86_64) AppleWebKit/537.36 (KHTML, like Gecko) Chrome/88.0.4298.0 Safari/537.36 Edg/88.0.685.3"
172.68.24.68 - - [05/Nov/2020:15:02:58 -0300] "GET / HTTP/1.1" 200 3726 "https://cadunesc.com.br/events" "Mozilla/5.0 (Macintosh; Intel Mac OS X 10_13_6) AppleWebKit/537.36 (KHTML, like Gecko) Chrome/86.0.4240.183 Safari/537.36"
172.68.24.68 - - [05/Nov/2020:15:02:59 -0300] "GET /style/navbar-style.css HTTP/1.1" 200 354 "https://cadunesc.com.br/" "Mozilla/5.0 (Macintosh; Intel Mac OS X 10_13_6) AppleWebKit/537.36 (KHTML, like Gecko) Chrome/86.0.4240.183 Safari/537.36"
172.68.24.68 - - [05/Nov/2020:15:02:59 -0300] "GET /style/subnavbar-style.css HTTP/1.1" 200 680 "https://cadunesc.com.br/" "Mozilla/5.0 (Macintosh; Intel Mac OS X 10_13_6) AppleWebKit/537.36 (KHTML, like Gecko) Chrome/86.0.4240.183 Safari/537.36"
172.68.24.68 - - [05/Nov/2020:15:02:59 -0300] "GET /storage/logo.png HTTP/1.1" 200 131907 "https://cadunesc.com.br/" "Mozilla/5.0 (Macintosh; Intel Mac OS X 10_13_6) AppleWebKit/537.36 (KHTML, like Gecko) Chrome/86.0.4240.183 Safari/537.36"
172.68.24.68 - - [05/Nov/2020:15:02:59 -0300] "GET /storage/sliders/wUlHjO5au9TCUW8VOytdg5iMTOhaNiVnTDahNzvY.png HTTP/1.1" 200 445426 "https://cadunesc.com.br/" "Mozilla/5.0 (Macintosh; Intel Mac OS X 10_13_6) AppleWebKit/537.36 (KHTML, like Gecko) Chrome/86.0.4240.183 Safari/537.36"
172.68.24.68 - - [05/Nov/2020:15:03:00 -0300] "GET /favicon.ico HTTP/1.1" 200 0 "https://cadunesc.com.br/" "Mozilla/5.0 (Macintosh; Intel Mac OS X 10_13_6) AppleWebKit/537.36 (KHTML, like Gecko) Chrome/86.0.4240.183 Safari/537.36"
172.68.25.81 - - [05/Nov/2020:15:13:12 -0300] "GET / HTTP/1.1" 200 3726 "https://cadunesc.com.br/events" "Mozilla/5.0 (Macintosh; Intel Mac OS X 10_13_6) AppleWebKit/537.36 (KHTML, like Gecko) Chrome/86.0.4240.183 Safari/537.36"
172.68.25.81 - - [05/Nov/2020:15:13:13 -0300] "GET /style/subnavbar-style.css HTTP/1.1" 200 680 "https://cadunesc.com.br/" "Mozilla/5.0 (Macintosh; Intel Mac OS X 10_13_6) AppleWebKit/537.36 (KHTML, like Gecko) Chrome/86.0.4240.183 Safari/537.36"
172.68.25.81 - - [05/Nov/2020:15:13:13 -0300] "GET /style/navbar-style.css HTTP/1.1" 200 354 "https://cadunesc.com.br/" "Mozilla/5.0 (Macintosh; Intel Mac OS X 10_13_6) AppleWebKit/537.36 (KHTML, like Gecko) Chrome/86.0.4240.183 Safari/537.36"
172.68.25.81 - - [05/Nov/2020:15:13:14 -0300] "GET /storage/logo.png HTTP/1.1" 200 131907 "https://cadunesc.com.br/" "Mozilla/5.0 (Macintosh; Intel Mac OS X 10_13_6) AppleWebKit/537.36 (KHTML, like Gecko) Chrome/86.0.4240.183 Safari/537.36"
172.68.25.81 - - [05/Nov/2020:15:13:14 -0300] "GET /storage/sliders/wUlHjO5au9TCUW8VOytdg5iMTOhaNiVnTDahNzvY.png HTTP/1.1" 200 445426 "https://cadunesc.com.br/" "Mozilla/5.0 (Macintosh; Intel Mac OS X 10_13_6) AppleWebKit/537.36 (KHTML, like Gecko) Chrome/86.0.4240.183 Safari/537.36"
172.68.25.81 - - [05/Nov/2020:15:13:15 -0300] "GET /favicon.ico HTTP/1.1" 200 0 "https://cadunesc.com.br/" "Mozilla/5.0 (Macintosh; Intel Mac OS X 10_13_6) AppleWebKit/537.36 (KHTML, like Gecko) Chrome/86.0.4240.183 Safari/537.36"
108.162.212.29 - - [05/Nov/2020:15:17:39 -0300] "GET /contact HTTP/1.1" 200 3281 "https://cadunesc.com.br/" "Mozilla/5.0 (X11; Linux x86_64) AppleWebKit/537.36 (KHTML, like Gecko) Chrome/88.0.4298.0 Safari/537.36 Edg/88.0.685.3"
108.162.212.29 - - [05/Nov/2020:15:17:48 -0300] "POST /contact HTTP/1.1" 302 382 "https://cadunesc.com.br/contact" "Mozilla/5.0 (X11; Linux x86_64) AppleWebKit/537.36 (KHTML, like Gecko) Chrome/88.0.4298.0 Safari/537.36 Edg/88.0.685.3"
108.162.212.29 - - [05/Nov/2020:15:17:48 -0300] "GET /contact HTTP/1.1" 200 3319 "https://cadunesc.com.br/contact" "Mozilla/5.0 (X11; Linux x86_64) AppleWebKit/537.36 (KHTML, like Gecko) Chrome/88.0.4298.0 Safari/537.36 Edg/88.0.685.3"
108.162.210.128 - - [05/Nov/2020:15:19:27 -0300] "GET /api/sliders?api_token=$2y$10$uHGDguHpeBusa3zVWpO1VO2o/vNzD0c.Fla55f8tTWafGzMU9NEii HTTP/1.1" 200 308 "https://app.cadunesc.com.br/" "Mozilla/5.0 (X11; Linux x86_64) AppleWebKit/537.36 (KHTML, like Gecko) Chrome/88.0.4298.0 Safari/537.36 Edg/88.0.685.3"
108.162.212.29 - - [05/Nov/2020:15:19:31 -0300] "GET / HTTP/1.1" 200 3727 "https://cadunesc.com.br/contact" "Mozilla/5.0 (X11; Linux x86_64) AppleWebKit/537.36 (KHTML, like Gecko) Chrome/88.0.4298.0 Safari/537.36 Edg/88.0.685.3"
108.162.212.29 - - [05/Nov/2020:15:20:00 -0300] "GET /contact HTTP/1.1" 200 3281 "https://cadunesc.com.br/" "Mozilla/5.0 (X11; Linux x86_64) AppleWebKit/537.36 (KHTML, like Gecko) Chrome/88.0.4298.0 Safari/537.36 Edg/88.0.685.3"
172.69.170.24 - - [05/Nov/2020:15:21:02 -0300] "GET / HTTP/1.1" 200 3727 "-" "Mozilla/5.0 (Windows NT 10.0; WOW64; rv:52.0) Gecko/20100101 Firefox/36.0"
173.245.54.101 - - [05/Nov/2020:15:21:02 -0300] "GET / HTTP/1.1" 200 3727 "-" "Mozilla/5.0 (Windows NT 10.0; WOW64; rv:52.0) Gecko/20100101 Firefox/36.0"
108.162.212.29 - - [05/Nov/2020:15:21:50 -0300] "GET / HTTP/1.1" 200 3727 "-" "Mozilla/5.0 (X11; Linux x86_64) AppleWebKit/537.36 (KHTML, like Gecko) Chrome/88.0.4298.0 Safari/537.36 Edg/88.0.685.3"
108.162.212.29 - - [05/Nov/2020:15:29:17 -0300] "GET /api/posts?api_token=$2y$10$uHGDguHpeBusa3zVWpO1VO2o/vNzD0c.Fla55f8tTWafGzMU9NEii HTTP/1.1" 200 605153 "https://app.cadunesc.com.br/" "Mozilla/5.0 (X11; Linux x86_64) AppleWebKit/537.36 (KHTML, like Gecko) Chrome/88.0.4298.0 Safari/537.36 Edg/88.0.685.3"
108.162.212.29 - - [05/Nov/2020:15:29:21 -0300] "GET /api/events?limit=1&offset=1&api_token=null HTTP/1.1" 401 42 "https://app.cadunesc.com.br/" "Mozilla/5.0 (X11; Linux x86_64) AppleWebKit/537.36 (KHTML, like Gecko) Chrome/88.0.4298.0 Safari/537.36 Edg/88.0.685.3"
108.162.212.29 - - [05/Nov/2020:15:29:24 -0300] "GET /login HTTP/1.1" 404 622 "-" "Mozilla/5.0 (X11; Linux x86_64) AppleWebKit/537.36 (KHTML, like Gecko) Chrome/88.0.4298.0 Safari/537.36 Edg/88.0.685.3"
108.162.212.29 - - [05/Nov/2020:15:29:26 -0300] "GET / HTTP/1.1" 200 3727 "-" "Mozilla/5.0 (X11; Linux x86_64) AppleWebKit/537.36 (KHTML, like Gecko) Chrome/88.0.4298.0 Safari/537.36 Edg/88.0.685.3"
108.162.212.29 - - [05/Nov/2020:15:29:31 -0300] "GET /contact HTTP/1.1" 200 3281 "https://cadunesc.com.br/" "Mozilla/5.0 (X11; Linux x86_64) AppleWebKit/537.36 (KHTML, like Gecko) Chrome/88.0.4298.0 Safari/537.36 Edg/88.0.685.3"
108.162.212.29 - - [05/Nov/2020:15:29:43 -0300] "POST /contact HTTP/1.1" 302 382 "https://cadunesc.com.br/contact" "Mozilla/5.0 (X11; Linux x86_64) AppleWebKit/537.36 (KHTML, like Gecko) Chrome/88.0.4298.0 Safari/537.36 Edg/88.0.685.3"
108.162.212.29 - - [05/Nov/2020:15:29:43 -0300] "GET /contact HTTP/1.1" 200 3319 "https://cadunesc.com.br/contact" "Mozilla/5.0 (X11; Linux x86_64) AppleWebKit/537.36 (KHTML, like Gecko) Chrome/88.0.4298.0 Safari/537.36 Edg/88.0.685.3"
108.162.212.29 - - [05/Nov/2020:15:33:06 -0300] "GET /posts HTTP/1.1" 200 2654 "https://cadunesc.com.br/contact" "Mozilla/5.0 (X11; Linux x86_64) AppleWebKit/537.36 (KHTML, like Gecko) Chrome/88.0.4298.0 Safari/537.36 Edg/88.0.685.3"
108.162.212.29 - - [05/Nov/2020:15:33:08 -0300] "GET /events HTTP/1.1" 200 3812 "https://cadunesc.com.br/posts" "Mozilla/5.0 (X11; Linux x86_64) AppleWebKit/537.36 (KHTML, like Gecko) Chrome/88.0.4298.0 Safari/537.36 Edg/88.0.685.3"
108.162.212.29 - - [05/Nov/2020:15:33:09 -0300] "GET /documents HTTP/1.1" 200 2873 "https://cadunesc.com.br/events" "Mozilla/5.0 (X11; Linux x86_64) AppleWebKit/537.36 (KHTML, like Gecko) Chrome/88.0.4298.0 Safari/537.36 Edg/88.0.685.3"
108.162.212.29 - - [05/Nov/2020:15:33:11 -0300] "GET /receipt/event HTTP/1.1" 200 3068 "https://cadunesc.com.br/documents" "Mozilla/5.0 (X11; Linux x86_64) AppleWebKit/537.36 (KHTML, like Gecko) Chrome/88.0.4298.0 Safari/537.36 Edg/88.0.685.3"
108.162.212.29 - - [05/Nov/2020:15:33:23 -0300] "POST /contact HTTP/1.1" 500 680482 "https://cadunesc.com.br/receipt/event" "Mozilla/5.0 (X11; Linux x86_64) AppleWebKit/537.36 (KHTML, like Gecko) Chrome/88.0.4298.0 Safari/537.36 Edg/88.0.685.3"
108.162.212.29 - - [05/Nov/2020:15:33:53 -0300] "GET /contact HTTP/1.1" 200 3281 "-" "Mozilla/5.0 (X11; Linux x86_64) AppleWebKit/537.36 (KHTML, like Gecko) Chrome/88.0.4298.0 Safari/537.36 Edg/88.0.685.3"
108.162.212.29 - - [05/Nov/2020:15:37:39 -0300] "GET / HTTP/1.1" 200 3727 "https://cadunesc.com.br/contact" "Mozilla/5.0 (X11; Linux x86_64) AppleWebKit/537.36 (KHTML, like Gecko) Chrome/88.0.4298.0 Safari/537.36 Edg/88.0.685.3"
172.68.24.224 - - [05/Nov/2020:15:37:40 -0300] "GET / HTTP/1.1" 200 3727 "-" "Mozilla/5.0 (Macintosh; Intel Mac OS X 10_13_6) AppleWebKit/537.36 (KHTML, like Gecko) Chrome/86.0.4240.183 Safari/537.36"
108.162.212.29 - - [05/Nov/2020:15:37:42 -0300] "GET / HTTP/1.1" 200 3727 "https://cadunesc.com.br/contact" "Mozilla/5.0 (X11; Linux x86_64) AppleWebKit/537.36 (KHTML, like Gecko) Chrome/88.0.4298.0 Safari/537.36 Edg/88.0.685.3"
172.68.24.224 - - [05/Nov/2020:15:37:42 -0300] "GET /contact HTTP/1.1" 200 3283 "https://cadunesc.com.br/" "Mozilla/5.0 (Macintosh; Intel Mac OS X 10_13_6) AppleWebKit/537.36 (KHTML, like Gecko) Chrome/86.0.4240.183 Safari/537.36"
108.162.212.29 - - [05/Nov/2020:15:37:43 -0300] "GET /favicon.ico HTTP/1.1" 200 0 "https://cadunesc.com.br/" "Mozilla/5.0 (X11; Linux x86_64) AppleWebKit/537.36 (KHTML, like Gecko) Chrome/88.0.4298.0 Safari/537.36 Edg/88.0.685.3"
108.162.212.29 - - [05/Nov/2020:15:37:46 -0300] "GET /contact HTTP/1.1" 200 3281 "https://cadunesc.com.br/" "Mozilla/5.0 (X11; Linux x86_64) AppleWebKit/537.36 (KHTML, like Gecko) Chrome/88.0.4298.0 Safari/537.36 Edg/88.0.685.3"
108.162.212.29 - - [05/Nov/2020:15:37:49 -0300] "GET /receipt/event HTTP/1.1" 200 3068 "https://cadunesc.com.br/contact" "Mozilla/5.0 (X11; Linux x86_64) AppleWebKit/537.36 (KHTML, like Gecko) Chrome/88.0.4298.0 Safari/537.36 Edg/88.0.685.3"
108.162.212.29 - - [05/Nov/2020:15:37:50 -0300] "GET /receipt/management HTTP/1.1" 200 3063 "https://cadunesc.com.br/receipt/event" "Mozilla/5.0 (X11; Linux x86_64) AppleWebKit/537.36 (KHTML, like Gecko) Chrome/88.0.4298.0 Safari/537.36 Edg/88.0.685.3"
108.162.212.29 - - [05/Nov/2020:15:38:08 -0300] "GET /receipt/event HTTP/1.1" 200 3068 "https://cadunesc.com.br/receipt/management" "Mozilla/5.0 (X11; Linux x86_64) AppleWebKit/537.36 (KHTML, like Gecko) Chrome/88.0.4298.0 Safari/537.36 Edg/88.0.685.3"
108.162.212.29 - - [05/Nov/2020:15:38:12 -0300] "GET /contact HTTP/1.1" 200 3281 "https://cadunesc.com.br/receipt/event" "Mozilla/5.0 (X11; Linux x86_64) AppleWebKit/537.36 (KHTML, like Gecko) Chrome/88.0.4298.0 Safari/537.36 Edg/88.0.685.3"
108.162.212.29 - - [05/Nov/2020:15:38:19 -0300] "POST /contact HTTP/1.1" 302 382 "https://cadunesc.com.br/contact" "Mozilla/5.0 (X11; Linux x86_64) AppleWebKit/537.36 (KHTML, like Gecko) Chrome/88.0.4298.0 Safari/537.36 Edg/88.0.685.3"
108.162.212.29 - - [05/Nov/2020:15:38:19 -0300] "GET /contact HTTP/1.1" 200 3319 "https://cadunesc.com.br/contact" "Mozilla/5.0 (X11; Linux x86_64) AppleWebKit/537.36 (KHTML, like Gecko) Chrome/88.0.4298.0 Safari/537.36 Edg/88.0.685.3"
108.162.212.29 - - [05/Nov/2020:15:39:06 -0300] "GET /contact HTTP/1.1" 200 3281 "https://cadunesc.com.br/contact" "Mozilla/5.0 (X11; Linux x86_64) AppleWebKit/537.36 (KHTML, like Gecko) Chrome/88.0.4298.0 Safari/537.36 Edg/88.0.685.3"
108.162.212.29 - - [05/Nov/2020:15:39:07 -0300] "GET /favicon.ico HTTP/1.1" 200 0 "https://cadunesc.com.br/contact" "Mozilla/5.0 (X11; Linux x86_64) AppleWebKit/537.36 (KHTML, like Gecko) Chrome/88.0.4298.0 Safari/537.36 Edg/88.0.685.3"
108.162.212.29 - - [05/Nov/2020:15:39:13 -0300] "POST /contact HTTP/1.1" 302 382 "https://cadunesc.com.br/contact" "Mozilla/5.0 (X11; Linux x86_64) AppleWebKit/537.36 (KHTML, like Gecko) Chrome/88.0.4298.0 Safari/537.36 Edg/88.0.685.3"
108.162.212.29 - - [05/Nov/2020:15:39:13 -0300] "GET /contact HTTP/1.1" 200 3319 "https://cadunesc.com.br/contact" "Mozilla/5.0 (X11; Linux x86_64) AppleWebKit/537.36 (KHTML, like Gecko) Chrome/88.0.4298.0 Safari/537.36 Edg/88.0.685.3"
108.162.212.29 - - [05/Nov/2020:15:41:00 -0300] "GET /receipt/event HTTP/1.1" 200 3068 "https://cadunesc.com.br/contact" "Mozilla/5.0 (X11; Linux x86_64) AppleWebKit/537.36 (KHTML, like Gecko) Chrome/88.0.4298.0 Safari/537.36 Edg/88.0.685.3"
172.68.24.230 - - [05/Nov/2020:15:41:02 -0300] "GET /receipt/event HTTP/1.1" 200 3071 "https://cadunesc.com.br/contact" "Mozilla/5.0 (Macintosh; Intel Mac OS X 10_13_6) AppleWebKit/537.36 (KHTML, like Gecko) Chrome/86.0.4240.183 Safari/537.36"
172.68.24.230 - - [05/Nov/2020:15:41:03 -0300] "GET /style/navbar-style.css HTTP/1.1" 200 354 "https://cadunesc.com.br/receipt/event" "Mozilla/5.0 (Macintosh; Intel Mac OS X 10_13_6) AppleWebKit/537.36 (KHTML, like Gecko) Chrome/86.0.4240.183 Safari/537.36"
172.68.24.230 - - [05/Nov/2020:15:41:03 -0300] "GET /style/subnavbar-style.css HTTP/1.1" 200 680 "https://cadunesc.com.br/receipt/event" "Mozilla/5.0 (Macintosh; Intel Mac OS X 10_13_6) AppleWebKit/537.36 (KHTML, like Gecko) Chrome/86.0.4240.183 Safari/537.36"
172.68.24.230 - - [05/Nov/2020:15:41:04 -0300] "GET /storage/logo.png HTTP/1.1" 200 131907 "https://cadunesc.com.br/receipt/event" "Mozilla/5.0 (Macintosh; Intel Mac OS X 10_13_6) AppleWebKit/537.36 (KHTML, like Gecko) Chrome/86.0.4240.183 Safari/537.36"
172.68.24.230 - - [05/Nov/2020:15:41:04 -0300] "GET /favicon.ico HTTP/1.1" 200 0 "https://cadunesc.com.br/receipt/event" "Mozilla/5.0 (Macintosh; Intel Mac OS X 10_13_6) AppleWebKit/537.36 (KHTML, like Gecko) Chrome/86.0.4240.183 Safari/537.36"
